Archive member included because of file (symbol)

/Applications/Simplicity Studio.app/Contents/Eclipse/developer/toolchains/gnu_arm/4.9_2015q3/bin/../lib/gcc/arm-none-eabi/4.9.3/armv7e-m/softfp/libgcc.a(_arm_addsubdf3.o)
                              ./src/i2c.o (__aeabi_dsub)
/Applications/Simplicity Studio.app/Contents/Eclipse/developer/toolchains/gnu_arm/4.9_2015q3/bin/../lib/gcc/arm-none-eabi/4.9.3/armv7e-m/softfp/libgcc.a(_arm_muldivdf3.o)
                              ./src/i2c.o (__aeabi_dmul)
/Applications/Simplicity Studio.app/Contents/Eclipse/developer/toolchains/gnu_arm/4.9_2015q3/bin/../lib/gcc/arm-none-eabi/4.9.3/armv7e-m/softfp/libgcc.a(_arm_truncdfsf2.o)
                              ./src/i2c.o (__aeabi_d2f)
/Applications/Simplicity Studio.app/Contents/Eclipse/developer/toolchains/gnu_arm/4.9_2015q3/bin/../lib/gcc/arm-none-eabi/4.9.3/armv7e-m/softfp/libgcc.a(_aeabi_uldivmod.o)
                              ./emlib/em_usart.o (__aeabi_uldivmod)
/Applications/Simplicity Studio.app/Contents/Eclipse/developer/toolchains/gnu_arm/4.9_2015q3/bin/../lib/gcc/arm-none-eabi/4.9.3/armv7e-m/softfp/libgcc.a(bpabi.o)
                              /Applications/Simplicity Studio.app/Contents/Eclipse/developer/toolchains/gnu_arm/4.9_2015q3/bin/../lib/gcc/arm-none-eabi/4.9.3/armv7e-m/softfp/libgcc.a(_aeabi_uldivmod.o) (__gnu_uldivmod_helper)
/Applications/Simplicity Studio.app/Contents/Eclipse/developer/toolchains/gnu_arm/4.9_2015q3/bin/../lib/gcc/arm-none-eabi/4.9.3/armv7e-m/softfp/libgcc.a(_dvmd_tls.o)
                              /Applications/Simplicity Studio.app/Contents/Eclipse/developer/toolchains/gnu_arm/4.9_2015q3/bin/../lib/gcc/arm-none-eabi/4.9.3/armv7e-m/softfp/libgcc.a(_aeabi_uldivmod.o) (__aeabi_ldiv0)
/Applications/Simplicity Studio.app/Contents/Eclipse/developer/toolchains/gnu_arm/4.9_2015q3/bin/../lib/gcc/arm-none-eabi/4.9.3/armv7e-m/softfp/libgcc.a(_divdi3.o)
                              /Applications/Simplicity Studio.app/Contents/Eclipse/developer/toolchains/gnu_arm/4.9_2015q3/bin/../lib/gcc/arm-none-eabi/4.9.3/armv7e-m/softfp/libgcc.a(bpabi.o) (__divdi3)
/Applications/Simplicity Studio.app/Contents/Eclipse/developer/toolchains/gnu_arm/4.9_2015q3/bin/../lib/gcc/arm-none-eabi/4.9.3/armv7e-m/softfp/libgcc.a(_udivdi3.o)
                              /Applications/Simplicity Studio.app/Contents/Eclipse/developer/toolchains/gnu_arm/4.9_2015q3/bin/../lib/gcc/arm-none-eabi/4.9.3/armv7e-m/softfp/libgcc.a(bpabi.o) (__udivdi3)
/Applications/Simplicity Studio.app/Contents/Eclipse/developer/toolchains/gnu_arm/4.9_2015q3/bin/../lib/gcc/arm-none-eabi/4.9.3/../../../../arm-none-eabi/lib/armv7e-m/softfp/libc_nano.a(lib_a-exit.o)
                              /Applications/Simplicity Studio.app/Contents/Eclipse/developer/toolchains/gnu_arm/4.9_2015q3/bin/../lib/gcc/arm-none-eabi/4.9.3/../../../../arm-none-eabi/lib/armv7e-m/softfp/crt0.o (exit)
/Applications/Simplicity Studio.app/Contents/Eclipse/developer/toolchains/gnu_arm/4.9_2015q3/bin/../lib/gcc/arm-none-eabi/4.9.3/../../../../arm-none-eabi/lib/armv7e-m/softfp/libc_nano.a(lib_a-impure.o)
                              /Applications/Simplicity Studio.app/Contents/Eclipse/developer/toolchains/gnu_arm/4.9_2015q3/bin/../lib/gcc/arm-none-eabi/4.9.3/../../../../arm-none-eabi/lib/armv7e-m/softfp/libc_nano.a(lib_a-exit.o) (_global_impure_ptr)
/Applications/Simplicity Studio.app/Contents/Eclipse/developer/toolchains/gnu_arm/4.9_2015q3/bin/../lib/gcc/arm-none-eabi/4.9.3/../../../../arm-none-eabi/lib/armv7e-m/softfp/libc_nano.a(lib_a-init.o)
                              /Applications/Simplicity Studio.app/Contents/Eclipse/developer/toolchains/gnu_arm/4.9_2015q3/bin/../lib/gcc/arm-none-eabi/4.9.3/../../../../arm-none-eabi/lib/armv7e-m/softfp/crt0.o (__libc_init_array)
/Applications/Simplicity Studio.app/Contents/Eclipse/developer/toolchains/gnu_arm/4.9_2015q3/bin/../lib/gcc/arm-none-eabi/4.9.3/../../../../arm-none-eabi/lib/armv7e-m/softfp/libc_nano.a(lib_a-memcpy.o)
                              ./emlib/em_crypto.o (memcpy)
/Applications/Simplicity Studio.app/Contents/Eclipse/developer/toolchains/gnu_arm/4.9_2015q3/bin/../lib/gcc/arm-none-eabi/4.9.3/../../../../arm-none-eabi/lib/armv7e-m/softfp/libc_nano.a(lib_a-memset.o)
                              /Applications/Simplicity Studio.app/Contents/Eclipse/developer/toolchains/gnu_arm/4.9_2015q3/bin/../lib/gcc/arm-none-eabi/4.9.3/../../../../arm-none-eabi/lib/armv7e-m/softfp/crt0.o (memset)
/Applications/Simplicity Studio.app/Contents/Eclipse/developer/toolchains/gnu_arm/4.9_2015q3/bin/../lib/gcc/arm-none-eabi/4.9.3/../../../../arm-none-eabi/lib/armv7e-m/softfp/libc_nano.a(lib_a-strlen.o)
                              ./src/main.o (strlen)
/Applications/Simplicity Studio.app/Contents/Eclipse/developer/toolchains/gnu_arm/4.9_2015q3/bin/../lib/gcc/arm-none-eabi/4.9.3/../../../../arm-none-eabi/lib/armv7e-m/softfp/libnosys.a(_exit.o)
[...]
Memory Configuration

Name             Origin             Length             Attributes
FLASH            0x0000000000000000 0x0000000000100000 xr
RAM              0x0000000020000000 0x0000000000040000 xrw
*default*        0x0000000000000000 0xffffffffffffffff

Linker script and memory map

LOAD /Applications/Simplicity Studio.app/Contents/Eclipse/developer/toolchains/gnu_arm/4.9_2015q3/bin/../lib/gcc/arm-none-eabi/4.9.3/armv7e-m/softfp/crti.o
LOAD /Applications/Simplicity Studio.app/Contents/Eclipse/developer/toolchains/gnu_arm/4.9_2015q3/bin/../lib/gcc/arm-none-eabi/4.9.3/armv7e-m/softfp/crtbegin.o
LOAD /Applications/Simplicity Studio.app/Contents/Eclipse/developer/toolchains/gnu_arm/4.9_2015q3/bin/../lib/gcc/arm-none-eabi/4.9.3/../../../../arm-none-eabi/lib/armv7e-m/softfp/crt0.o
LOAD ./BSP/bsp_stk_leds.o
LOAD ./CMSIS/EFM32PG12B/startup_gcc_efm32pg12b.o
LOAD ./CMSIS/EFM32PG12B/system_efm32pg12b.o
LOAD ./emlib/em_acmp.o
LOAD ./emlib/em_adc.o
LOAD ./emlib/em_aes.o
LOAD ./emlib/em_assert.o
LOAD ./emlib/em_burtc.o
LOAD ./emlib/em_can.o
LOAD ./emlib/em_cmu.o
LOAD ./emlib/em_core.o
LOAD ./emlib/em_cryotimer.o
LOAD ./emlib/em_crypto.o
LOAD ./emlib/em_csen.o
LOAD ./emlib/em_dac.o
LOAD ./emlib/em_dbg.o
LOAD ./emlib/em_dma.o
LOAD ./emlib/em_ebi.o
LOAD ./emlib/em_emu.o
LOAD ./emlib/em_gpcrc.o
LOAD ./emlib/em_gpio.o
LOAD ./emlib/em_i2c.o
LOAD ./emlib/em_iadc.o
LOAD ./emlib/em_idac.o
LOAD ./emlib/em_int.o
LOAD ./emlib/em_lcd.o
LOAD ./emlib/em_ldma.o
LOAD ./emlib/em_lesense.o
LOAD ./emlib/em_letimer.o
LOAD ./emlib/em_leuart.o
LOAD ./emlib/em_mpu.o
LOAD ./emlib/em_msc.o
LOAD ./emlib/em_opamp.o
LOAD ./emlib/em_pcnt.o
LOAD ./emlib/em_pdm.o
LOAD ./emlib/em_prs.o
LOAD ./emlib/em_qspi.o
LOAD ./emlib/em_rmu.o
LOAD ./emlib/em_rtc.o
LOAD ./emlib/em_rtcc.o
LOAD ./emlib/em_se.o
LOAD ./emlib/em_system.o
LOAD ./emlib/em_timer.o
LOAD ./emlib/em_usart.o
LOAD ./emlib/em_vcmp.o
LOAD ./emlib/em_vdac.o
LOAD ./emlib/em_wdog.o
LOAD ./src/capsense.o
LOAD ./src/cmu.o
LOAD ./src/cryotimer.o
LOAD ./src/dma.o
LOAD ./src/gpio.o
LOAD ./src/i2c.o
LOAD ./src/letimer.o
LOAD ./src/leuart.o
LOAD ./src/main.o
LOAD ./src/sleep_routines.o
START GROUP
LOAD /Applications/Simplicity Studio.app/Contents/Eclipse/developer/toolchains/gnu_arm/4.9_2015q3/bin/../lib/gcc/arm-none-eabi/4.9.3/armv7e-m/softfp/libgcc.a
LOAD /Applications/Simplicity Studio.app/Contents/Eclipse/developer/toolchains/gnu_arm/4.9_2015q3/bin/../lib/gcc/arm-none-eabi/4.9.3/../../../../arm-none-eabi/lib/armv7e-m/softfp/libc_nano.a
LOAD /Applications/Simplicity Studio.app/Contents/Eclipse/developer/toolchains/gnu_arm/4.9_2015q3/bin/../lib/gcc/arm-none-eabi/4.9.3/../../../../arm-none-eabi/lib/armv7e-m/softfp/libnosys.a
END GROUP
START GROUP
LOAD /Applications/Simplicity Studio.app/Contents/Eclipse/developer/toolchains/gnu_arm/4.9_2015q3/bin/../lib/gcc/arm-none-eabi/4.9.3/armv7e-m/softfp/libgcc.a
LOAD /Applications/Simplicity Studio.app/Contents/Eclipse/developer/toolchains/gnu_arm/4.9_2015q3/bin/../lib/gcc/arm-none-eabi/4.9.3/../../../../arm-none-eabi/lib/armv7e-m/softfp/libg_nano.a
LOAD /Applications/Simplicity Studio.app/Contents/Eclipse/developer/toolchains/gnu_arm/4.9_2015q3/bin/../lib/gcc/arm-none-eabi/4.9.3/../../../../arm-none-eabi/lib/armv7e-m/softfp/libc_nano.a
END GROUP
START GROUP
LOAD /Applications/Simplicity Studio.app/Contents/Eclipse/developer/toolchains/gnu_arm/4.9_2015q3/bin/../lib/gcc/arm-none-eabi/4.9.3/armv7e-m/softfp/libgcc.a
LOAD /Applications/Simplicity Studio.app/Contents/Eclipse/developer/toolchains/gnu_arm/4.9_2015q3/bin/../lib/gcc/arm-none-eabi/4.9.3/../../../../arm-none-eabi/lib/armv7e-m/softfp/libc_nano.a
END GROUP
LOAD /Applications/Simplicity Studio.app/Contents/Eclipse/developer/toolchains/gnu_arm/4.9_2015q3/bin/../lib/gcc/arm-none-eabi/4.9.3/armv7e-m/softfp/crtend.o
LOAD /Applications/Simplicity Studio.app/Contents/Eclipse/developer/toolchains/gnu_arm/4.9_2015q3/bin/../lib/gcc/arm-none-eabi/4.9.3/armv7e-m/softfp/crtn.o

.text           0x0000000000000000     0x5538
 *(.vectors)
 .vectors       0x0000000000000000      0x10c ./CMSIS/EFM32PG12B/startup_gcc_efm32pg12b.o
                0x0000000000000000                __Vectors
                0x000000000000010c                __Vectors_End = .
                0x000000000000010c                __Vectors_Size = (__Vectors_End - __Vectors)
                0x000000000000010c                __end__ = .
 *(.text*)
 .text          0x000000000000010c       0x5c /Applications/Simplicity Studio.app/Contents/Eclipse/developer/toolchains/gnu_arm/4.9_2015q3/bin/../lib/gcc/arm-none-eabi/4.9.3/armv7e-m/softfp/crtbegin.o
 .text          0x0000000000000168       0x74 /Applications/Simplicity Studio.app/Contents/Eclipse/developer/toolchains/gnu_arm/4.9_2015q3/bin/../lib/gcc/arm-none-eabi/4.9.3/../../../../arm-none-eabi/lib/armv7e-m/softfp/crt0.o
                0x0000000000000168                _mainCRTStartup
                0x0000000000000168                _start
 .text          0x00000000000001dc       0x30 ./CMSIS/EFM32PG12B/startup_gcc_efm32pg12b.o
                0x00000000000001dc                Reset_Handler
                0x0000000000000208                USART0_TX_IRQHandler
                0x0000000000000208                HardFault_Handler
                0x0000000000000208                SysTick_Handler
                0x0000000000000208                USART1_RX_IRQHandler
                0x0000000000000208                PendSV_Handler
                0x0000000000000208                NMI_Handler
                0x0000000000000208                I2C1_IRQHandler
                0x0000000000000208                WTIMER0_IRQHandler
                0x0000000000000208                CRYPTO0_IRQHandler
                0x0000000000000208                WDOG0_IRQHandler
                0x0000000000000208                USART1_TX_IRQHandler
                0x0000000000000208                SMU_IRQHandler
                0x0000000000000208                MSC_IRQHandler
                0x0000000000000208                ADC0_IRQHandler
                0x0000000000000208                UsageFault_Handler
                0x0000000000000208                WDOG1_IRQHandler
                0x0000000000000208                FPUEH_IRQHandler
                0x0000000000000208                WTIMER1_IRQHandler
                0x0000000000000208                GPIO_EVEN_IRQHandler
                0x0000000000000208                VDAC0_IRQHandler
                0x0000000000000208                CSEN_IRQHandler
                0x0000000000000208                CRYPTO1_IRQHandler
                0x0000000000000208                PCNT2_IRQHandler
                0x0000000000000208                TIMER1_IRQHandler
                0x0000000000000208                TRNG0_IRQHandler
                0x0000000000000208                USART2_RX_IRQHandler
                0x0000000000000208                Default_Handler
                0x0000000000000208                EMU_IRQHandler
                0x0000000000000208                PCNT0_IRQHandler
                0x0000000000000208                PCNT1_IRQHandler
                0x0000000000000208                ACMP0_IRQHandler
                0x0000000000000208                USART0_RX_IRQHandler
                0x0000000000000208                MemManage_Handler
                0x0000000000000208                SVC_Handler
                0x0000000000000208                USART3_RX_IRQHandler
                0x0000000000000208                RTCC_IRQHandler
                0x0000000000000208                CMU_IRQHandler
                0x0000000000000208                LESENSE_IRQHandler
                0x0000000000000208                GPIO_ODD_IRQHandler
                0x0000000000000208                USART3_TX_IRQHandler
                0x0000000000000208                BusFault_Handler
                0x0000000000000208                USART2_TX_IRQHandler
                0x0000000000000208                DebugMon_Handler
                0x0000000000000208                IDAC0_IRQHandler
 .text.SystemCoreClockGet
                0x000000000000020c       0x44 ./CMSIS/EFM32PG12B/system_efm32pg12b.o
                0x000000000000020c                SystemCoreClockGet
 .text.SystemMaxCoreClockGet
                0x0000000000000250       0x14 ./CMSIS/EFM32PG12B/system_efm32pg12b.o
                0x0000000000000250                SystemMaxCoreClockGet
 .text.SystemHFClockGet
                0x0000000000000264       0x70 ./CMSIS/EFM32PG12B/system_efm32pg12b.o
                0x0000000000000264                SystemHFClockGet
 .text.SystemHFXOClockGet
                0x00000000000002d4       0x18 ./CMSIS/EFM32PG12B/system_efm32pg12b.o
                0x00000000000002d4                SystemHFXOClockGet
 .text.SystemInit
                0x00000000000002ec       0x2c ./CMSIS/EFM32PG12B/system_efm32pg12b.o
                0x00000000000002ec                SystemInit
 .text.SystemLFRCOClockGet
                0x0000000000000318       0x14 ./CMSIS/EFM32PG12B/system_efm32pg12b.o
                0x0000000000000318                SystemLFRCOClockGet
 .text.SystemULFRCOClockGet
                0x000000000000032c       0x14 ./CMSIS/EFM32PG12B/system_efm32pg12b.o
                0x000000000000032c                SystemULFRCOClockGet
 .text.SystemLFXOClockGet
                0x0000000000000340       0x18 ./CMSIS/EFM32PG12B/system_efm32pg12b.o
                0x0000000000000340                SystemLFXOClockGet
 .text.BUS_RegBitWrite
                0x0000000000000358       0x2c ./emlib/em_acmp.o
 .text.BUS_RegMaskedSet
                0x0000000000000384       0x24 ./emlib/em_acmp.o
 .text.BUS_RegMaskedClear
                0x00000000000003a8       0x24 ./emlib/em_acmp.o
 .text.BUS_RegMaskedWrite
                0x00000000000003cc       0x24 ./emlib/em_acmp.o
 .text.ACMP_CapsenseInit
                0x00000000000003f0       0x80 ./emlib/em_acmp.o
                0x00000000000003f0                ACMP_CapsenseInit
 .text.ACMP_CapsenseChannelSet
                0x0000000000000470       0x38 ./emlib/em_acmp.o
                0x0000000000000470                ACMP_CapsenseChannelSet
 .text.ACMP_Disable
                0x00000000000004a8       0x34 ./emlib/em_acmp.o
                0x00000000000004a8                ACMP_Disable
 .text.ACMP_Enable
                0x00000000000004dc       0x34 ./emlib/em_acmp.o
                0x00000000000004dc                ACMP_Enable
 .text.BUS_RegBitWrite
                0x0000000000000510       0x2c ./emlib/em_cmu.o
 .text.BUS_RegBitRead
                0x000000000000053c       0x2c ./emlib/em_cmu.o
 .text.CMU_Log2ToDiv
                0x0000000000000568       0x1c ./emlib/em_cmu.o
 .text.CMU_PrescToLog2
                0x0000000000000584       0x28 ./emlib/em_cmu.o
 .text.EMU_VScaleWait
                0x00000000000005ac       0x1c ./emlib/em_cmu.o
 .text.EMU_VScaleGet
                0x00000000000005c8       0x1c ./emlib/em_cmu.o
 .text.setHfLeConfig
                0x00000000000005e4       0x64 ./emlib/em_cmu.o
 .text.auxClkGet
                0x0000000000000648       0x20 ./emlib/em_cmu.o
 .text.hfSrcClkGet
                0x0000000000000668       0x2c ./emlib/em_cmu.o
 .text.dbgClkGet
                0x0000000000000694       0x40 ./emlib/em_cmu.o
 .text.adcAsyncClkGet
                0x00000000000006d4       0x80 ./emlib/em_cmu.o
 .text.flashWaitStateControl
                0x0000000000000754       0x88 ./emlib/em_cmu.o
 .text.flashWaitStateMax
                0x00000000000007dc       0x40 ./emlib/em_cmu.o
 .text.CMU_UpdateWaitStates
                0x000000000000081c       0x40 ./emlib/em_cmu.o
                0x000000000000081c                CMU_UpdateWaitStates
 .text.getRegIshUpperVal
                0x000000000000085c       0x38 ./emlib/em_cmu.o
 .text.getHfxoTuningMode
                0x0000000000000894       0x1c ./emlib/em_cmu.o
 .text.setHfxoTuningMode
                0x00000000000008b0       0x28 ./emlib/em_cmu.o
 .text.lfClkGet
                0x00000000000008d8       0xf4 ./emlib/em_cmu.o
 .text.syncReg  0x00000000000009cc       0x38 ./emlib/em_cmu.o
 .text.hfperClkSafePrescaler
                0x0000000000000a04        0xc ./emlib/em_cmu.o
 .text.hfperClkOptimizedPrescaler
                0x0000000000000a10        0xc ./emlib/em_cmu.o
 .text.CMU_ClockEnable
                0x0000000000000a1c       0xcc ./emlib/em_cmu.o
                0x0000000000000a1c                CMU_ClockEnable
 .text.CMU_ClockFreqGet
                0x0000000000000ae8      0x210 ./emlib/em_cmu.o
                0x0000000000000ae8                CMU_ClockFreqGet
 .text.CMU_ClockPrescSet
                0x0000000000000cf8      0x258 ./emlib/em_cmu.o
                0x0000000000000cf8                CMU_ClockPrescSet
 .text.CMU_ClockSelectGet
                0x0000000000000f50      0x1c0 ./emlib/em_cmu.o
                0x0000000000000f50                CMU_ClockSelectGet
 .text.CMU_ClockSelectSet
                0x0000000000001110      0x2f0 ./emlib/em_cmu.o
                0x0000000000001110                CMU_ClockSelectSet
 .text.CMU_HFRCOBandGet
                0x0000000000001400       0x18 ./emlib/em_cmu.o
                0x0000000000001400                CMU_HFRCOBandGet
 .text.CMU_HFXOAutostartEnable
                0x0000000000001418       0xb0 ./emlib/em_cmu.o
                0x0000000000001418                CMU_HFXOAutostartEnable
 .text.CMU_HFXOInit
                0x00000000000014c8       0xe4 ./emlib/em_cmu.o
                0x00000000000014c8                CMU_HFXOInit
 .text.CMU_OscillatorEnable
                0x00000000000015ac      0x1a0 ./emlib/em_cmu.o
                0x00000000000015ac                CMU_OscillatorEnable
 .text.CMU_OscillatorTuningGet
                0x000000000000174c       0x74 ./emlib/em_cmu.o
                0x000000000000174c                CMU_OscillatorTuningGet
 .text.CMU_OscillatorTuningSet
                0x00000000000017c0      0x100 ./emlib/em_cmu.o
                0x00000000000017c0                CMU_OscillatorTuningSet
 .text.CMU_OscillatorTuningWait
                0x00000000000018c0       0x94 ./emlib/em_cmu.o
                0x00000000000018c0                CMU_OscillatorTuningWait
 .text.CMU_OscillatorTuningOptimize
                0x0000000000001954       0x58 ./emlib/em_cmu.o
                0x0000000000001954                CMU_OscillatorTuningOptimize
 .text.CORE_AtomicDisableIrq
                0x00000000000019ac       0x10 ./emlib/em_core.o
                0x00000000000019ac                CORE_AtomicDisableIrq
 .text.CORE_AtomicEnableIrq
                0x00000000000019bc       0x10 ./emlib/em_core.o
                0x00000000000019bc                CORE_AtomicEnableIrq
 .text.CORE_EnterAtomic
                0x00000000000019cc       0x20 ./emlib/em_core.o
                0x00000000000019cc                CORE_EnterAtomic
 .text.CORE_ExitAtomic
                0x00000000000019ec       0x1c ./emlib/em_core.o
                0x00000000000019ec                CORE_ExitAtomic
 .text.BUS_RegBitWrite
                0x0000000000001a08       0x2c ./emlib/em_cryotimer.o
 .text.CRYOTIMER_EM4WakeupEnable
                0x0000000000001a34       0x20 ./emlib/em_cryotimer.o
 .text.CRYOTIMER_Init
                0x0000000000001a54       0x5c ./emlib/em_cryotimer.o
                0x0000000000001a54                CRYOTIMER_Init
 .text.SystemCoreClockUpdate
                0x0000000000001ab0        0xc ./emlib/em_emu.o
 .text.BUS_RegBitWrite
                0x0000000000001abc       0x2c ./emlib/em_emu.o
 .text.BUS_RegBitRead
                0x0000000000001ae8       0x2c ./emlib/em_emu.o
 .text.EMU_VScaleWait
                0x0000000000001b14       0x1c ./emlib/em_emu.o
 .text.EMU_VScaleGet
                0x0000000000001b30       0x1c ./emlib/em_emu.o
 .text.EMU_IntClear
                0x0000000000001b4c       0x1c ./emlib/em_emu.o
 .text.EMU_IntGet
                0x0000000000001b68       0x18 ./emlib/em_emu.o
 .text.CMU_Lock
                0x0000000000001b80       0x18 ./emlib/em_emu.o
 .text.CMU_Unlock
                0x0000000000001b98       0x1c ./emlib/em_emu.o
 .text.vScaleEM01Cmd
                0x0000000000001bb4       0x24 ./emlib/em_emu.o
 .text.emState  0x0000000000001bd8      0x14c ./emlib/em_emu.o
 .text.vScaleDownEM23Setup
                0x0000000000001d24       0x50 ./emlib/em_emu.o
 .text.vScaleAfterWakeup
                0x0000000000001d74       0x44 ./emlib/em_emu.o
 .text.EMU_EnterEM2
                0x0000000000001db8       0x48 ./emlib/em_emu.o
                0x0000000000001db8                EMU_EnterEM2
 .text.EMU_EnterEM3
                0x0000000000001e00       0x68 ./emlib/em_emu.o
                0x0000000000001e00                EMU_EnterEM3
 .text.EMU_VScaleEM01ByClock
                0x0000000000001e68       0x70 ./emlib/em_emu.o
                0x0000000000001e68                EMU_VScaleEM01ByClock
 .text.EMU_VScaleEM01
                0x0000000000001ed8       0x84 ./emlib/em_emu.o
                0x0000000000001ed8                EMU_VScaleEM01
 .text.EMU_EM23Init
                0x0000000000001f5c       0x3c ./emlib/em_emu.o
                0x0000000000001f5c                EMU_EM23Init
 .text.dcdcConstCalibrationLoad
                0x0000000000001f98       0x10 ./emlib/em_emu.o
 .text.dcdcValidatedConfigSet
                0x0000000000001fa8       0x40 ./emlib/em_emu.o
 .text.currentLimitersUpdate
                0x0000000000001fe8       0xe4 ./emlib/em_emu.o
 .text.userCurrentLimitsSet
                0x00000000000020cc       0x2c ./emlib/em_emu.o
 .text.compCtrlSet
                0x00000000000020f8       0x3c ./emlib/em_emu.o
 .text.lpCmpHystCalibrationLoad
                0x0000000000002134       0xd4 ./emlib/em_emu.o
 .text.lpGetDevinfoVrefLowHigh
                0x0000000000002208      0x164 ./emlib/em_emu.o
 .text.EMU_DCDCModeSet
                0x000000000000236c       0xf0 ./emlib/em_emu.o
                0x000000000000236c                EMU_DCDCModeSet
 .text.EMU_DCDCInit
                0x000000000000245c      0x138 ./emlib/em_emu.o
                0x000000000000245c                EMU_DCDCInit
 .text.EMU_DCDCOutputVoltageSet
                0x0000000000002594      0x2cc ./emlib/em_emu.o
                0x0000000000002594                EMU_DCDCOutputVoltageSet
 .text.EMU_DCDCOptimizeSlice
                0x0000000000002860       0xd8 ./emlib/em_emu.o
                0x0000000000002860                EMU_DCDCOptimizeSlice
 .text.EMU_DCDCLnRcoBandSet
                0x0000000000002938       0x54 ./emlib/em_emu.o
                0x0000000000002938                EMU_DCDCLnRcoBandSet
 .text.BUS_RegMaskedSet
                0x000000000000298c       0x24 ./emlib/em_gpio.o
 .text.BUS_RegMaskedClear
                0x00000000000029b0       0x24 ./emlib/em_gpio.o
 .text.BUS_RegMaskedWrite
                0x00000000000029d4       0x24 ./emlib/em_gpio.o
 .text.GPIO_PinOutClear
                0x00000000000029f8       0x78 ./emlib/em_gpio.o
 .text.GPIO_PinOutSet
                0x0000000000002a70       0x78 ./emlib/em_gpio.o
 .text.GPIO_DriveStrengthSet
                0x0000000000002ae8       0x80 ./emlib/em_gpio.o
                0x0000000000002ae8                GPIO_DriveStrengthSet
 .text.GPIO_PinModeSet
                0x0000000000002b68      0x12c ./emlib/em_gpio.o
                0x0000000000002b68                GPIO_PinModeSet
 .text.I2C_IntClear
                0x0000000000002c94       0x1c ./emlib/em_i2c.o
 .text.BUS_RegBitWrite
                0x0000000000002cb0       0x2c ./emlib/em_i2c.o
 .text.BUS_RegMaskedSet
                0x0000000000002cdc       0x24 ./emlib/em_i2c.o
 .text.BUS_RegMaskedClear
                0x0000000000002d00       0x24 ./emlib/em_i2c.o
 .text.BUS_RegMaskedWrite
                0x0000000000002d24       0x24 ./emlib/em_i2c.o
 .text.I2C_BusFreqSet
                0x0000000000002d48      0x138 ./emlib/em_i2c.o
                0x0000000000002d48                I2C_BusFreqSet
 .text.I2C_Enable
                0x0000000000002e80       0x3c ./emlib/em_i2c.o
                0x0000000000002e80                I2C_Enable
 .text.I2C_Init
                0x0000000000002ebc       0x74 ./emlib/em_i2c.o
                0x0000000000002ebc                I2C_Init
 .text.__NVIC_EnableIRQ
                0x0000000000002f30       0x38 ./emlib/em_ldma.o
 .text.__NVIC_ClearPendingIRQ
                0x0000000000002f68       0x3c ./emlib/em_ldma.o
 .text.__NVIC_SetPriority
                0x0000000000002fa4       0x54 ./emlib/em_ldma.o
 .text.BUS_RegMaskedClear
                0x0000000000002ff8       0x24 ./emlib/em_ldma.o
 .text.LDMA_Init
                0x000000000000301c       0x7c ./emlib/em_ldma.o
                0x000000000000301c                LDMA_Init
 .text.LDMA_StartTransfer
                0x0000000000003098      0x154 ./emlib/em_ldma.o
                0x0000000000003098                LDMA_StartTransfer
 .text.LETIMER_CompareSet
                0x00000000000031ec       0x58 ./emlib/em_letimer.o
                0x00000000000031ec                LETIMER_CompareSet
 .text.LETIMER_Enable
                0x0000000000003244       0x2c ./emlib/em_letimer.o
                0x0000000000003244                LETIMER_Enable
 .text.LETIMER_Init
                0x0000000000003270       0xe0 ./emlib/em_letimer.o
                0x0000000000003270                LETIMER_Init
 .text.LEUART_Sync
                0x0000000000003350       0x30 ./emlib/em_leuart.o
 .text.LEUART_BaudrateSet
                0x0000000000003380       0x6c ./emlib/em_leuart.o
                0x0000000000003380                LEUART_BaudrateSet
 .text.LEUART_Enable
                0x00000000000033ec       0x3c ./emlib/em_leuart.o
                0x00000000000033ec                LEUART_Enable
 .text.LEUART_FreezeEnable
                0x0000000000003428       0x34 ./emlib/em_leuart.o
                0x0000000000003428                LEUART_FreezeEnable
 .text.LEUART_Init
                0x000000000000345c       0x68 ./emlib/em_leuart.o
                0x000000000000345c                LEUART_Init
 .text.__NVIC_EnableIRQ
                0x00000000000034c4       0x38 ./src/capsense.o
 .text.EMU_EnterEM1
                0x00000000000034fc       0x20 ./src/capsense.o
 .text.TIMER0_IRQHandler
                0x000000000000351c       0x7c ./src/capsense.o
                0x000000000000351c                TIMER0_IRQHandler
 .text.CAPSENSE_getPressed
                0x0000000000003598       0x4c ./src/capsense.o
                0x0000000000003598                CAPSENSE_getPressed
 .text.CAPSENSE_Measure
                0x00000000000035e4       0x5c ./src/capsense.o
 .text.CAPSENSE_Sense
                0x0000000000003640       0x50 ./src/capsense.o
                0x0000000000003640                CAPSENSE_Sense
 .text.CAPSENSE_Init
                0x0000000000003690       0xbc ./src/capsense.o
                0x0000000000003690                CAPSENSE_Init
 .text.cmu_init
                0x000000000000374c       0xec ./src/cmu.o
                0x000000000000374c                cmu_init
 .text.__NVIC_EnableIRQ
                0x0000000000003838       0x38 ./src/cryotimer.o
 .text.BUS_RegBitWrite
                0x0000000000003870       0x2c ./src/cryotimer.o
 .text.CRYOTIMER_Enable
                0x000000000000389c       0x20 ./src/cryotimer.o
 .text.cryoInit
                0x00000000000038bc       0x48 ./src/cryotimer.o
                0x00000000000038bc                cryoInit
 .text.CRYOTIMER_IRQHandler
                0x0000000000003904       0x44 ./src/cryotimer.o
                0x0000000000003904                CRYOTIMER_IRQHandler
 .text.__NVIC_EnableIRQ
                0x0000000000003948       0x38 ./src/dma.o
 .text.dma_init
                0x0000000000003980       0x48 ./src/dma.o
                0x0000000000003980                dma_init
 .text.dma_transmissionInit
                0x00000000000039c8       0xbc ./src/dma.o
                0x00000000000039c8                dma_transmissionInit
 .text.dma_receiveInit
                0x0000000000003a84       0xb8 ./src/dma.o
                0x0000000000003a84                dma_receiveInit
 .text.LDMA_IRQHandler
                0x0000000000003b3c       0x64 ./src/dma.o
                0x0000000000003b3c                LDMA_IRQHandler
 .text.BUS_RegMaskedClear
                0x0000000000003ba0       0x24 ./src/gpio.o
 .text.GPIO_PinOutClear
                0x0000000000003bc4       0x78 ./src/gpio.o
 .text.gpio_init
                0x0000000000003c3c       0x80 ./src/gpio.o
                0x0000000000003c3c                gpio_init
 .text.__NVIC_ClearPendingIRQ
                0x0000000000003cbc       0x3c ./src/i2c.o
 .text.BUS_RegMaskedSet
                0x0000000000003cf8       0x24 ./src/i2c.o
 .text.BUS_RegMaskedClear
                0x0000000000003d1c       0x24 ./src/i2c.o
 .text.GPIO_PinOutClear
                0x0000000000003d40       0x78 ./src/i2c.o
 .text.GPIO_PinOutSet
                0x0000000000003db8       0x78 ./src/i2c.o
 .text.CtoF     0x0000000000003e30       0x54 ./src/i2c.o
                0x0000000000003e30                CtoF
 .text.temptoASCII
                0x0000000000003e84      0x154 ./src/i2c.o
                0x0000000000003e84                temptoASCII
 .text.I2C0_ReadTemp
                0x0000000000003fd8       0xcc ./src/i2c.o
                0x0000000000003fd8                I2C0_ReadTemp
 *fill*         0x00000000000040a4        0x4 
 .text.convertTemp
                0x00000000000040a8       0x7c ./src/i2c.o
                0x00000000000040a8                convertTemp
 .text.i2c_init
                0x0000000000004124       0xac ./src/i2c.o
                0x0000000000004124                i2c_init
 .text.I2C0_IRQHandler
                0x00000000000041d0       0x20 ./src/i2c.o
                0x00000000000041d0                I2C0_IRQHandler
 .text.__NVIC_EnableIRQ
                0x00000000000041f0       0x38 ./src/letimer.o
 .text.BUS_RegMaskedSet
                0x0000000000004228       0x24 ./src/letimer.o
 .text.BUS_RegMaskedClear
                0x000000000000424c       0x24 ./src/letimer.o
 .text.GPIO_PinOutClear
                0x0000000000004270       0x78 ./src/letimer.o
 .text.GPIO_PinOutSet
                0x00000000000042e8       0x78 ./src/letimer.o
 .text.i2c_reset
                0x0000000000004360       0x44 ./src/letimer.o
                0x0000000000004360                i2c_reset
 .text.letimer0_init
                0x00000000000043a4       0xe4 ./src/letimer.o
                0x00000000000043a4                letimer0_init
 .text.LETIMER0_IRQHandler
                0x0000000000004488       0x54 ./src/letimer.o
                0x0000000000004488                LETIMER0_IRQHandler
 .text.__NVIC_EnableIRQ
                0x00000000000044dc       0x38 ./src/leuart.o
 .text.leuart_init
                0x0000000000004514       0x98 ./src/leuart.o
                0x0000000000004514                leuart_init
 .text.LEUART0_IRQHandler
                0x00000000000045ac       0x8c ./src/leuart.o
                0x00000000000045ac                LEUART0_IRQHandler
 .text.SYSTEM_GetProdRev
                0x0000000000004638       0x1c ./src/main.o
 .text.BUS_RegMaskedSet
                0x0000000000004654       0x24 ./src/main.o
 .text.BUS_RegMaskedClear
                0x0000000000004678       0x24 ./src/main.o
 .text.GPIO_PinOutClear
                0x000000000000469c       0x78 ./src/main.o
 .text.GPIO_PinOutSet
                0x0000000000004714       0x78 ./src/main.o
 .text.CHIP_Init
                0x000000000000478c       0x70 ./src/main.o
 .text.main     0x00000000000047fc      0x31c ./src/main.o
                0x00000000000047fc                main
 .text.EMU_EnterEM1
                0x0000000000004b18       0x20 ./src/sleep_routines.o
 .text.Sleep_Block_Mode
                0x0000000000004b38       0x2c ./src/sleep_routines.o
                0x0000000000004b38                Sleep_Block_Mode
 .text.Sleep_UnBlock_Mode
                0x0000000000004b64       0x38 ./src/sleep_routines.o
                0x0000000000004b64                Sleep_UnBlock_Mode
 .text.Enter_Sleep
                0x0000000000004b9c       0x44 ./src/sleep_routines.o
                0x0000000000004b9c                Enter_Sleep
 .text          0x0000000000004be0      0x370 /Applications/Simplicity Studio.app/Contents/Eclipse/developer/toolchains/gnu_arm/4.9_2015q3/bin/../lib/gcc/arm-none-eabi/4.9.3/armv7e-m/softfp/libgcc.a(_arm_addsubdf3.o)
                0x0000000000004be0                __aeabi_drsub
                0x0000000000004be8                __subdf3
                0x0000000000004be8                __aeabi_dsub
                0x0000000000004bec                __aeabi_dadd
                0x0000000000004bec                __adddf3
                0x0000000000004e64                __aeabi_ui2d
                0x0000000000004e64                __floatunsidf
                0x0000000000004e84                __floatsidf
                0x0000000000004e84                __aeabi_i2d
                0x0000000000004ea8                __extendsfdf2
                0x0000000000004ea8                __aeabi_f2d
                0x0000000000004ee4                __aeabi_ul2d
                0x0000000000004ee4                __floatundidf
                0x0000000000004ef4                __aeabi_l2d
                0x0000000000004ef4                __floatdidf
 .text          0x0000000000004f50      0x424 /Applications/Simplicity Studio.app/Contents/Eclipse/developer/toolchains/gnu_arm/4.9_2015q3/bin/../lib/gcc/arm-none-eabi/4.9.3/armv7e-m/softfp/libgcc.a(_arm_muldivdf3.o)
                0x0000000000004f50                __aeabi_dmul
                0x0000000000004f50                __muldf3
                0x00000000000051a4                __aeabi_ddiv
                0x00000000000051a4                __divdf3
 .text          0x0000000000005374       0xa0 /Applications/Simplicity Studio.app/Contents/Eclipse/developer/toolchains/gnu_arm/4.9_2015q3/bin/../lib/gcc/arm-none-eabi/4.9.3/armv7e-m/softfp/libgcc.a(_arm_truncdfsf2.o)
                0x0000000000005374                __aeabi_d2f
                0x0000000000005374                __truncdfsf2
 .text.exit     0x0000000000005414       0x28 /Applications/Simplicity Studio.app/Contents/Eclipse/developer/toolchains/gnu_arm/4.9_2015q3/bin/../lib/gcc/arm-none-eabi/4.9.3/../../../../arm-none-eabi/lib/armv7e-m/softfp/libc_nano.a(lib_a-exit.o)
                0x0000000000005414                exit
 .text.__libc_init_array
                0x000000000000543c       0x4c /Applications/Simplicity Studio.app/Contents/Eclipse/developer/toolchains/gnu_arm/4.9_2015q3/bin/../lib/gcc/arm-none-eabi/4.9.3/../../../../arm-none-eabi/lib/armv7e-m/softfp/libc_nano.a(lib_a-init.o)
                0x000000000000543c                __libc_init_array
 .text.memset   0x0000000000005488       0x10 /Applications/Simplicity Studio.app/Contents/Eclipse/developer/toolchains/gnu_arm/4.9_2015q3/bin/../lib/gcc/arm-none-eabi/4.9.3/../../../../arm-none-eabi/lib/armv7e-m/softfp/libc_nano.a(lib_a-memset.o)
                0x0000000000005488                memset
 .text.strlen   0x0000000000005498       0x10 /Applications/Simplicity Studio.app/Contents/Eclipse/developer/toolchains/gnu_arm/4.9_2015q3/bin/../lib/gcc/arm-none-eabi/4.9.3/../../../../arm-none-eabi/lib/armv7e-m/softfp/libc_nano.a(lib_a-strlen.o)
                0x0000000000005498                strlen
 .text._exit    0x00000000000054a8        0x4 /Applications/Simplicity Studio.app/Contents/Eclipse/developer/toolchains/gnu_arm/4.9_2015q3/bin/../lib/gcc/arm-none-eabi/4.9.3/../../../../arm-none-eabi/lib/armv7e-m/softfp/libnosys.a(_exit.o)
                0x00000000000054a8                _exit
 *(.init)
 .init          0x00000000000054ac        0x4 /Applications/Simplicity Studio.app/Contents/Eclipse/developer/toolchains/gnu_arm/4.9_2015q3/bin/../lib/gcc/arm-none-eabi/4.9.3/armv7e-m/softfp/crti.o
                0x00000000000054ac                _init
 .init          0x00000000000054b0        0x8 /Applications/Simplicity Studio.app/Contents/Eclipse/developer/toolchains/gnu_arm/4.9_2015q3/bin/../lib/gcc/arm-none-eabi/4.9.3/armv7e-m/softfp/crtn.o
 *(.fini)
 .fini          0x00000000000054b8        0x4 /Applications/Simplicity Studio.app/Contents/Eclipse/developer/toolchains/gnu_arm/4.9_2015q3/bin/../lib/gcc/arm-none-eabi/4.9.3/armv7e-m/softfp/crti.o
                0x00000000000054b8                _fini
 .fini          0x00000000000054bc        0x8 /Applications/Simplicity Studio.app/Contents/Eclipse/developer/toolchains/gnu_arm/4.9_2015q3/bin/../lib/gcc/arm-none-eabi/4.9.3/armv7e-m/softfp/crtn.o
 *crtbegin.o(.ctors)
 *crtbegin?.o(.ctors)
 *(EXCLUDE_FILE(*crtend.o *crtend?.o) .ctors)
 *(SORT(.ctors.*))
 *(.ctors)
 *crtbegin.o(.dtors)
 *crtbegin?.o(.dtors)
 *(EXCLUDE_FILE(*crtend.o *crtend?.o) .dtors)
 *(SORT(.dtors.*))
 *(.dtors)
 *(.rodata*)
 .rodata.flashWsTable
                0x00000000000054c4       0x28 ./emlib/em_cmu.o
 .rodata.i2cNSum
                0x00000000000054ec        0x4 ./emlib/em_i2c.o
 .rodata.channelList
                0x00000000000054f0        0x4 ./src/capsense.o
 .rodata        0x00000000000054f4       0x18 ./src/capsense.o
 .rodata        0x000000000000550c       0x22 ./src/main.o
 .rodata.str1.1
                0x000000000000552e        0x2 /Applications/Simplicity Studio.app/Contents/Eclipse/developer/toolchains/gnu_arm/4.9_2015q3/bin/../lib/gcc/arm-none-eabi/4.9.3/../../../../arm-none-eabi/lib/armv7e-m/softfp/libc_nano.a(lib_a-impure.o)
 .rodata._global_impure_ptr
                0x0000000000005530        0x4 /Applications/Simplicity Studio.app/Contents/Eclipse/developer/toolchains/gnu_arm/4.9_2015q3/bin/../lib/gcc/arm-none-eabi/4.9.3/../../../../arm-none-eabi/lib/armv7e-m/softfp/libc_nano.a(lib_a-impure.o)
                0x0000000000005530                _global_impure_ptr
 *(.eh_frame*)
 .eh_frame      0x0000000000005534        0x0 /Applications/Simplicity Studio.app/Contents/Eclipse/developer/toolchains/gnu_arm/4.9_2015q3/bin/../lib/gcc/arm-none-eabi/4.9.3/armv7e-m/softfp/crtbegin.o
 .eh_frame      0x0000000000005534        0x4 /Applications/Simplicity Studio.app/Contents/Eclipse/developer/toolchains/gnu_arm/4.9_2015q3/bin/../lib/gcc/arm-none-eabi/4.9.3/armv7e-m/softfp/crtend.o

.glue_7         0x0000000000005538        0x0
 .glue_7        0x0000000000000000        0x0 linker stubs

.glue_7t        0x0000000000005538        0x0
 .glue_7t       0x0000000000000000        0x0 linker stubs

.vfp11_veneer   0x0000000000005538        0x0
 .vfp11_veneer  0x0000000000000000        0x0 linker stubs

.v4_bx          0x0000000000005538        0x0
 .v4_bx         0x0000000000000000        0x0 linker stubs

.iplt           0x0000000000005538        0x0
 .iplt          0x0000000000000000        0x0 /Applications/Simplicity Studio.app/Contents/Eclipse/developer/toolchains/gnu_arm/4.9_2015q3/bin/../lib/gcc/arm-none-eabi/4.9.3/armv7e-m/softfp/crtbegin.o

.ARM.extab
 *(.ARM.extab* .gnu.linkonce.armextab.*)
                0x0000000000005538                __exidx_start = .

.ARM.exidx      0x0000000000005538        0x8
 *(.ARM.exidx* .gnu.linkonce.armexidx.*)
 .ARM.exidx     0x0000000000005538        0x8 /Applications/Simplicity Studio.app/Contents/Eclipse/developer/toolchains/gnu_arm/4.9_2015q3/bin/../lib/gcc/arm-none-eabi/4.9.3/../../../../arm-none-eabi/lib/armv7e-m/softfp/crt0.o
                0x0000000000005540                __exidx_end = .
                0x0000000000005540                __etext = .

.rel.dyn        0x0000000000005540        0x0
 .rel.iplt      0x0000000000000000        0x0 /Applications/Simplicity Studio.app/Contents/Eclipse/developer/toolchains/gnu_arm/4.9_2015q3/bin/../lib/gcc/arm-none-eabi/4.9.3/armv7e-m/softfp/crtbegin.o

.data           0x0000000020000000       0x84 load address 0x0000000000005540
                0x0000000020000000                __data_start__ = .
 *(vtable)
 *(.data*)
 .data.SystemHFXOClock
                0x0000000020000000        0x4 ./CMSIS/EFM32PG12B/system_efm32pg12b.o
 .data.SystemLFXOClock
                0x0000000020000004        0x4 ./CMSIS/EFM32PG12B/system_efm32pg12b.o
 .data.SystemCoreClock
                0x0000000020000008        0x4 ./CMSIS/EFM32PG12B/system_efm32pg12b.o
                0x0000000020000008                SystemCoreClock
 .data.SystemHfrcoFreq
                0x000000002000000c        0x4 ./CMSIS/EFM32PG12B/system_efm32pg12b.o
                0x000000002000000c                SystemHfrcoFreq
 .data.auxHfrcoFreq
                0x0000000020000010        0x4 ./emlib/em_cmu.o
 .data.tempOn   0x0000000020000014        0x1 ./src/main.o
 *fill*         0x0000000020000015        0x3 
 .data.impure_data
                0x0000000020000018       0x60 /Applications/Simplicity Studio.app/Contents/Eclipse/developer/toolchains/gnu_arm/4.9_2015q3/bin/../lib/gcc/arm-none-eabi/4.9.3/../../../../arm-none-eabi/lib/armv7e-m/softfp/libc_nano.a(lib_a-impure.o)
                0x0000000020000078                . = ALIGN (0x4)
 *(.ram)
                0x0000000020000078                . = ALIGN (0x4)
                0x0000000020000078                PROVIDE (__preinit_array_start, .)
 *(.preinit_array)
                0x0000000020000078                PROVIDE (__preinit_array_end, .)
                0x0000000020000078                . = ALIGN (0x4)
                0x0000000020000078                PROVIDE (__init_array_start, .)
 *(SORT(.init_array.*))
 *(.init_array)
 .init_array    0x0000000020000078        0x4 /Applications/Simplicity Studio.app/Contents/Eclipse/developer/toolchains/gnu_arm/4.9_2015q3/bin/../lib/gcc/arm-none-eabi/4.9.3/armv7e-m/softfp/crtbegin.o
                0x000000002000007c                PROVIDE (__init_array_end, .)
                0x000000002000007c                . = ALIGN (0x4)
                0x000000002000007c                PROVIDE (__fini_array_start, .)
 *(SORT(.fini_array.*))
 *(.fini_array)
 .fini_array    0x000000002000007c        0x4 /Applications/Simplicity Studio.app/Contents/Eclipse/developer/toolchains/gnu_arm/4.9_2015q3/bin/../lib/gcc/arm-none-eabi/4.9.3/armv7e-m/softfp/crtbegin.o
                0x0000000020000080                PROVIDE (__fini_array_end, .)
 *(.jcr*)
 .jcr           0x0000000020000080        0x0 /Applications/Simplicity Studio.app/Contents/Eclipse/developer/toolchains/gnu_arm/4.9_2015q3/bin/../lib/gcc/arm-none-eabi/4.9.3/armv7e-m/softfp/crtbegin.o
 .jcr           0x0000000020000080        0x4 /Applications/Simplicity Studio.app/Contents/Eclipse/developer/toolchains/gnu_arm/4.9_2015q3/bin/../lib/gcc/arm-none-eabi/4.9.3/armv7e-m/softfp/crtend.o
                0x0000000020000084                . = ALIGN (0x4)
                0x0000000020000084                __data_end__ = .

.igot.plt       0x0000000020000084        0x0 load address 0x00000000000055c4
 .igot.plt      0x0000000000000000        0x0 /Applications/Simplicity Studio.app/Contents/Eclipse/developer/toolchains/gnu_arm/4.9_2015q3/bin/../lib/gcc/arm-none-eabi/4.9.3/armv7e-m/softfp/crtbegin.o

.bss            0x0000000020000084       0xbc load address 0x00000000000055c4
                0x0000000020000084                . = ALIGN (0x4)
                0x0000000020000084                __bss_start__ = .
 *(.bss*)
 .bss           0x0000000020000084       0x1c /Applications/Simplicity Studio.app/Contents/Eclipse/developer/toolchains/gnu_arm/4.9_2015q3/bin/../lib/gcc/arm-none-eabi/4.9.3/armv7e-m/softfp/crtbegin.o
 .bss.dcdcMaxCurrent_mA
                0x00000000200000a0        0x2 ./emlib/em_emu.o
 .bss.dcdcEm01LoadCurrent_mA
                0x00000000200000a2        0x2 ./emlib/em_emu.o
 .bss.dcdcReverseCurrentControl
                0x00000000200000a4        0x2 ./emlib/em_emu.o
 *fill*         0x00000000200000a6        0x2 
 .bss.vScaleEM01Config
                0x00000000200000a8        0x1 ./emlib/em_emu.o
 *fill*         0x00000000200000a9        0x3 
 .bss.cmuStatus.6771
                0x00000000200000ac        0x4 ./emlib/em_emu.o
 .bss.hfClock.6772
                0x00000000200000b0        0x1 ./emlib/em_emu.o
 .bss.vScaleStatus.6773
                0x00000000200000b1        0x1 ./emlib/em_emu.o
 *fill*         0x00000000200000b2        0x2 
 .bss.hfrcoCtrl.6774
                0x00000000200000b4        0x4 ./emlib/em_emu.o
 .bss.currentChannel
                0x00000000200000b8        0x1 ./src/capsense.o
 .bss.measurementComplete
                0x00000000200000b9        0x1 ./src/capsense.o
 *fill*         0x00000000200000ba        0x2 
 .bss.channelValues
                0x00000000200000bc       0x10 ./src/capsense.o
 .bss.channelMaxValues
                0x00000000200000cc       0x10 ./src/capsense.o
 .bss.scheduler_event
                0x00000000200000dc        0x4 ./src/main.o
                0x00000000200000dc                scheduler_event
 .bss.recdata   0x00000000200000e0        0x5 ./src/main.o
                0x00000000200000e0                recdata
 .bss.touchEvent
                0x00000000200000e5        0x1 ./src/main.o
 *(COMMON)
 *fill*         0x00000000200000e6        0x2 
 COMMON         0x00000000200000e8       0x18 ./src/cmu.o
                0x00000000200000e8                lowest_energy_mode
 COMMON         0x0000000020000100       0x40 ./src/dma.o
                0x0000000020000100                ldmaTXDescriptor
                0x0000000020000110                ldmaRXDescriptor
                0x0000000020000120                ldmaRXConfig
                0x0000000020000130                ldmaTXConfig
                0x0000000020000140                . = ALIGN (0x4)
                0x0000000020000140                __bss_end__ = .

.heap           0x0000000020000140      0xc00
                0x0000000020000140                __HeapBase = .
                0x0000000020000140                __end__ = .
                0x0000000020000140                end = __end__
                0x0000000020000140                _end = __end__
 *(.heap*)
 .heap          0x0000000020000140      0xc00 ./CMSIS/EFM32PG12B/startup_gcc_efm32pg12b.o
                0x0000000020000d40                __HeapLimit = .

.stack_dummy    0x0000000020000140      0x400
 *(.stack*)
 .stack         0x0000000020000140      0x400 ./CMSIS/EFM32PG12B/startup_gcc_efm32pg12b.o
                0x0000000020040000                __StackTop = (ORIGIN (RAM) + 0x40000)
                0x000000002003fc00                __StackLimit = (__StackTop - SIZEOF (.stack_dummy))
                0x0000000020040000                PROVIDE (__stack, __StackTop)
                0x0000000000000001                ASSERT ((__StackLimit >= __HeapLimit), region RAM overflowed with stack)
                0x0000000000000001                ASSERT ((0x100000 >= (__etext + SIZEOF (.data))), FLASH memory overflowed !)
OUTPUT(Pearl_Energy_Mode.axf elf32-littlearm)

.ARM.attributes
                0x0000000000000000       0x2e
 .ARM.attributes
                0x0000000000000000       0x22 /Applications/Simplicity Studio.app/Contents/Eclipse/developer/toolchains/gnu_arm/4.9_2015q3/bin/../lib/gcc/arm-none-eabi/4.9.3/armv7e-m/softfp/crti.o
 .ARM.attributes
                0x0000000000000022       0x32 /Applications/Simplicity Studio.app/Contents/Eclipse/developer/toolchains/gnu_arm/4.9_2015q3/bin/../lib/gcc/arm-none-eabi/4.9.3/armv7e-m/softfp/crtbegin.o
 .ARM.attributes
                0x0000000000000054       0x20 /Applications/Simplicity Studio.app/Contents/Eclipse/developer/toolchains/gnu_arm/4.9_2015q3/bin/../lib/gcc/arm-none-eabi/4.9.3/../../../../arm-none-eabi/lib/armv7e-m/softfp/crt0.o
 .ARM.attributes
                0x0000000000000074       0x1f ./CMSIS/EFM32PG12B/startup_gcc_efm32pg12b.o
 .ARM.attributes
                0x0000000000000093       0x37 ./CMSIS/EFM32PG12B/system_efm32pg12b.o
 .ARM.attributes
                0x00000000000000ca       0x37 ./emlib/em_acmp.o
 .ARM.attributes
                0x0000000000000101       0x37 ./emlib/em_cmu.o
 .ARM.attributes
                0x0000000000000138       0x37 ./emlib/em_core.o
 .ARM.attributes
                0x000000000000016f       0x37 ./emlib/em_cryotimer.o
 .ARM.attributes
                0x00000000000001a6       0x37 ./emlib/em_emu.o
 .ARM.attributes
                0x00000000000001dd       0x37 ./emlib/em_gpio.o
 .ARM.attributes
                0x0000000000000214       0x37 ./emlib/em_i2c.o
 .ARM.attributes
                0x000000000000024b       0x37 ./emlib/em_ldma.o
 .ARM.attributes
                0x0000000000000282       0x37 ./emlib/em_letimer.o
 .ARM.attributes
                0x00000000000002b9       0x37 ./emlib/em_leuart.o
 .ARM.attributes
                0x00000000000002f0       0x37 ./src/capsense.o
 .ARM.attributes
                0x0000000000000327       0x37 ./src/cmu.o
 .ARM.attributes
                0x000000000000035e       0x37 ./src/cryotimer.o
 .ARM.attributes
                0x0000000000000395       0x37 ./src/dma.o
 .ARM.attributes
                0x00000000000003cc       0x37 ./src/gpio.o
 .ARM.attributes
                0x0000000000000403       0x37 ./src/i2c.o
 .ARM.attributes
                0x000000000000043a       0x37 ./src/letimer.o
 .ARM.attributes
                0x0000000000000471       0x37 ./src/leuart.o
 .ARM.attributes
                0x00000000000004a8       0x37 ./src/main.o
 .ARM.attributes
                0x00000000000004df       0x37 ./src/sleep_routines.o
 .ARM.attributes
                0x0000000000000516       0x22 /Applications/Simplicity Studio.app/Contents/Eclipse/developer/toolchains/gnu_arm/4.9_2015q3/bin/../lib/gcc/arm-none-eabi/4.9.3/armv7e-m/softfp/libgcc.a(_arm_addsubdf3.o)
 .ARM.attributes
                0x0000000000000538       0x22 /Applications/Simplicity Studio.app/Contents/Eclipse/developer/toolchains/gnu_arm/4.9_2015q3/bin/../lib/gcc/arm-none-eabi/4.9.3/armv7e-m/softfp/libgcc.a(_arm_muldivdf3.o)
 .ARM.attributes
                0x000000000000055a       0x22 /Applications/Simplicity Studio.app/Contents/Eclipse/developer/toolchains/gnu_arm/4.9_2015q3/bin/../lib/gcc/arm-none-eabi/4.9.3/armv7e-m/softfp/libgcc.a(_arm_truncdfsf2.o)
 .ARM.attributes
                0x000000000000057c       0x32 /Applications/Simplicity Studio.app/Contents/Eclipse/developer/toolchains/gnu_arm/4.9_2015q3/bin/../lib/gcc/arm-none-eabi/4.9.3/../../../../arm-none-eabi/lib/armv7e-m/softfp/libc_nano.a(lib_a-exit.o)
 .ARM.attributes
                0x00000000000005ae       0x32 /Applications/Simplicity Studio.app/Contents/Eclipse/developer/toolchains/gnu_arm/4.9_2015q3/bin/../lib/gcc/arm-none-eabi/4.9.3/../../../../arm-none-eabi/lib/armv7e-m/softfp/libc_nano.a(lib_a-impure.o)
 .ARM.attributes
                0x00000000000005e0       0x32 /Applications/Simplicity Studio.app/Contents/Eclipse/developer/toolchains/gnu_arm/4.9_2015q3/bin/../lib/gcc/arm-none-eabi/4.9.3/../../../../arm-none-eabi/lib/armv7e-m/softfp/libc_nano.a(lib_a-init.o)
 .ARM.attributes
                0x0000000000000612       0x32 /Applications/Simplicity Studio.app/Contents/Eclipse/developer/toolchains/gnu_arm/4.9_2015q3/bin/../lib/gcc/arm-none-eabi/4.9.3/../../../../arm-none-eabi/lib/armv7e-m/softfp/libc_nano.a(lib_a-memset.o)
 .ARM.attributes
                0x0000000000000644       0x32 /Applications/Simplicity Studio.app/Contents/Eclipse/developer/toolchains/gnu_arm/4.9_2015q3/bin/../lib/gcc/arm-none-eabi/4.9.3/../../../../arm-none-eabi/lib/armv7e-m/softfp/libc_nano.a(lib_a-strlen.o)
 .ARM.attributes
                0x0000000000000676       0x32 /Applications/Simplicity Studio.app/Contents/Eclipse/developer/toolchains/gnu_arm/4.9_2015q3/bin/../lib/gcc/arm-none-eabi/4.9.3/../../../../arm-none-eabi/lib/armv7e-m/softfp/libnosys.a(_exit.o)
 .ARM.attributes
                0x00000000000006a8       0x32 /Applications/Simplicity Studio.app/Contents/Eclipse/developer/toolchains/gnu_arm/4.9_2015q3/bin/../lib/gcc/arm-none-eabi/4.9.3/armv7e-m/softfp/crtend.o
 .ARM.attributes
                0x00000000000006da       0x22 /Applications/Simplicity Studio.app/Contents/Eclipse/developer/toolchains/gnu_arm/4.9_2015q3/bin/../lib/gcc/arm-none-eabi/4.9.3/armv7e-m/softfp/crtn.o

.comment        0x0000000000000000       0x70
 .comment       0x0000000000000000       0x70 ./CMSIS/EFM32PG12B/system_efm32pg12b.o
                                         0x71 (size before relaxing)
 .comment       0x0000000000000000       0x71 ./emlib/em_acmp.o
 .comment       0x0000000000000000       0x71 ./emlib/em_cmu.o
 .comment       0x0000000000000000       0x71 ./emlib/em_core.o
 .comment       0x0000000000000000       0x71 ./emlib/em_cryotimer.o
 .comment       0x0000000000000000       0x71 ./emlib/em_emu.o
 .comment       0x0000000000000000       0x71 ./emlib/em_gpio.o
 .comment       0x0000000000000000       0x71 ./emlib/em_i2c.o
 .comment       0x0000000000000000       0x71 ./emlib/em_ldma.o
 .comment       0x0000000000000000       0x71 ./emlib/em_letimer.o
 .comment       0x0000000000000000       0x71 ./emlib/em_leuart.o
 .comment       0x0000000000000000       0x71 ./src/capsense.o
 .comment       0x0000000000000000       0x71 ./src/cmu.o
 .comment       0x0000000000000000       0x71 ./src/cryotimer.o
 .comment       0x0000000000000000       0x71 ./src/dma.o
 .comment       0x0000000000000000       0x71 ./src/gpio.o
 .comment       0x0000000000000000       0x71 ./src/i2c.o
 .comment       0x0000000000000000       0x71 ./src/letimer.o
 .comment       0x0000000000000000       0x71 ./src/leuart.o
 .comment       0x0000000000000000       0x71 ./src/main.o
 .comment       0x0000000000000000       0x71 ./src/sleep_routines.o

.debug_line     0x0000000000000000     0xf175
 .debug_line    0x0000000000000000       0x78 ./CMSIS/EFM32PG12B/startup_gcc_efm32pg12b.o
 .debug_line    0x0000000000000078      0x8f8 ./CMSIS/EFM32PG12B/system_efm32pg12b.o
 .debug_line    0x0000000000000970      0xac4 ./emlib/em_acmp.o
 .debug_line    0x0000000000001434     0x1313 ./emlib/em_cmu.o
 .debug_line    0x0000000000002747      0xc26 ./emlib/em_core.o
 .debug_line    0x000000000000336d      0x915 ./emlib/em_cryotimer.o
 .debug_line    0x0000000000003c82     0x1373 ./emlib/em_emu.o
 .debug_line    0x0000000000004ff5      0xb7b ./emlib/em_gpio.o
 .debug_line    0x0000000000005b70      0xbf5 ./emlib/em_i2c.o
 .debug_line    0x0000000000006765      0xa7b ./emlib/em_ldma.o
 .debug_line    0x00000000000071e0      0xa41 ./emlib/em_letimer.o
 .debug_line    0x0000000000007c21      0xa4d ./emlib/em_leuart.o
 .debug_line    0x000000000000866e      0xb36 ./src/capsense.o
 .debug_line    0x00000000000091a4      0x91a ./src/cmu.o
 .debug_line    0x0000000000009abe      0x982 ./src/cryotimer.o
 .debug_line    0x000000000000a440      0x952 ./src/dma.o
 .debug_line    0x000000000000ad92      0xa2a ./src/gpio.o
 .debug_line    0x000000000000b7bc      0xc21 ./src/i2c.o
 .debug_line    0x000000000000c3dd      0xa9a ./src/letimer.o
 .debug_line    0x000000000000ce77      0xa6d ./src/leuart.o
 .debug_line    0x000000000000d8e4      0xf3c ./src/main.o
 .debug_line    0x000000000000e820      0x955 ./src/sleep_routines.o

.debug_info     0x0000000000000000    0x12064
 .debug_info    0x0000000000000000       0xab ./CMSIS/EFM32PG12B/startup_gcc_efm32pg12b.o
 .debug_info    0x00000000000000ab      0x8bc ./CMSIS/EFM32PG12B/system_efm32pg12b.o
 .debug_info    0x0000000000000967      0xf0b ./emlib/em_acmp.o
 .debug_info    0x0000000000001872     0x23a5 ./emlib/em_cmu.o
 .debug_info    0x0000000000003c17      0xd36 ./emlib/em_core.o
 .debug_info    0x000000000000494d      0x3b0 ./emlib/em_cryotimer.o
 .debug_info    0x0000000000004cfd     0x2362 ./emlib/em_emu.o
 .debug_info    0x000000000000705f      0xa5a ./emlib/em_gpio.o
 .debug_info    0x0000000000007ab9      0x9d6 ./emlib/em_i2c.o
 .debug_info    0x000000000000848f     0x1238 ./emlib/em_ldma.o
 .debug_info    0x00000000000096c7      0x5b4 ./emlib/em_letimer.o
 .debug_info    0x0000000000009c7b      0x88b ./emlib/em_leuart.o
 .debug_info    0x000000000000a506     0x12be ./src/capsense.o
 .debug_info    0x000000000000b7c4      0x2f5 ./src/cmu.o
 .debug_info    0x000000000000bab9      0x711 ./src/cryotimer.o
 .debug_info    0x000000000000c1ca     0x11ba ./src/dma.o
 .debug_info    0x000000000000d384      0x4aa ./src/gpio.o
 .debug_info    0x000000000000d82e      0xb25 ./src/i2c.o
 .debug_info    0x000000000000e353      0xd23 ./src/letimer.o
 .debug_info    0x000000000000f076      0xc98 ./src/leuart.o
 .debug_info    0x000000000000fd0e     0x2022 ./src/main.o
 .debug_info    0x0000000000011d30      0x334 ./src/sleep_routines.o

.debug_abbrev   0x0000000000000000     0x2972
 .debug_abbrev  0x0000000000000000       0x14 ./CMSIS/EFM32PG12B/startup_gcc_efm32pg12b.o
 .debug_abbrev  0x0000000000000014      0x1bd ./CMSIS/EFM32PG12B/system_efm32pg12b.o
 .debug_abbrev  0x00000000000001d1      0x1dd ./emlib/em_acmp.o
 .debug_abbrev  0x00000000000003ae      0x313 ./emlib/em_cmu.o
 .debug_abbrev  0x00000000000006c1      0x24b ./emlib/em_core.o
 .debug_abbrev  0x000000000000090c      0x12b ./emlib/em_cryotimer.o
 .debug_abbrev  0x0000000000000a37      0x314 ./emlib/em_emu.o
 .debug_abbrev  0x0000000000000d4b      0x1ec ./emlib/em_gpio.o
 .debug_abbrev  0x0000000000000f37      0x224 ./emlib/em_i2c.o
 .debug_abbrev  0x000000000000115b      0x285 ./emlib/em_ldma.o
 .debug_abbrev  0x00000000000013e0      0x1be ./emlib/em_letimer.o
 .debug_abbrev  0x000000000000159e      0x1e5 ./emlib/em_leuart.o
 .debug_abbrev  0x0000000000001783      0x211 ./src/capsense.o
 .debug_abbrev  0x0000000000001994       0xa5 ./src/cmu.o
 .debug_abbrev  0x0000000000001a39      0x1df ./src/cryotimer.o
 .debug_abbrev  0x0000000000001c18      0x21d ./src/dma.o
 .debug_abbrev  0x0000000000001e35      0x157 ./src/gpio.o
 .debug_abbrev  0x0000000000001f8c      0x279 ./src/i2c.o
 .debug_abbrev  0x0000000000002205      0x220 ./src/letimer.o
 .debug_abbrev  0x0000000000002425      0x1e2 ./src/leuart.o
 .debug_abbrev  0x0000000000002607      0x25e ./src/main.o
 .debug_abbrev  0x0000000000002865      0x10d ./src/sleep_routines.o

.debug_aranges  0x0000000000000000      0xad8
 .debug_aranges
                0x0000000000000000       0x20 ./CMSIS/EFM32PG12B/startup_gcc_efm32pg12b.o
 .debug_aranges
                0x0000000000000020       0x68 ./CMSIS/EFM32PG12B/system_efm32pg12b.o
 .debug_aranges
                0x0000000000000088       0x90 ./emlib/em_acmp.o
 .debug_aranges
                0x0000000000000118      0x1b8 ./emlib/em_cmu.o
 .debug_aranges
                0x00000000000002d0       0xe8 ./emlib/em_core.o
 .debug_aranges
                0x00000000000003b8       0x30 ./emlib/em_cryotimer.o
 .debug_aranges
                0x00000000000003e8      0x1a8 ./emlib/em_emu.o
 .debug_aranges
                0x0000000000000590       0x88 ./emlib/em_gpio.o
 .debug_aranges
                0x0000000000000618       0x80 ./emlib/em_i2c.o
 .debug_aranges
                0x0000000000000698       0x80 ./emlib/em_ldma.o
 .debug_aranges
                0x0000000000000718       0x68 ./emlib/em_letimer.o
 .debug_aranges
                0x0000000000000780       0x88 ./emlib/em_leuart.o
 .debug_aranges
                0x0000000000000808       0x68 ./src/capsense.o
 .debug_aranges
                0x0000000000000870       0x20 ./src/cmu.o
 .debug_aranges
                0x0000000000000890       0x40 ./src/cryotimer.o
 .debug_aranges
                0x00000000000008d0       0x40 ./src/dma.o
 .debug_aranges
                0x0000000000000910       0x30 ./src/gpio.o
 .debug_aranges
                0x0000000000000940       0x88 ./src/i2c.o
 .debug_aranges
                0x00000000000009c8       0x58 ./src/letimer.o
 .debug_aranges
                0x0000000000000a20       0x30 ./src/leuart.o
 .debug_aranges
                0x0000000000000a50       0x50 ./src/main.o
 .debug_aranges
                0x0000000000000aa0       0x38 ./src/sleep_routines.o

.debug_loc      0x0000000000000000     0x5904
 .debug_loc     0x0000000000000000      0x2e4 ./CMSIS/EFM32PG12B/system_efm32pg12b.o
 .debug_loc     0x00000000000002e4      0x510 ./emlib/em_acmp.o
 .debug_loc     0x00000000000007f4     0x104c ./emlib/em_cmu.o
 .debug_loc     0x0000000000001840      0x88c ./emlib/em_core.o
 .debug_loc     0x00000000000020cc       0xfc ./emlib/em_cryotimer.o
 .debug_loc     0x00000000000021c8      0xf06 ./emlib/em_emu.o
 .debug_loc     0x00000000000030ce      0x4b4 ./emlib/em_gpio.o
 .debug_loc     0x0000000000003582      0x44c ./emlib/em_i2c.o
 .debug_loc     0x00000000000039ce      0x434 ./emlib/em_ldma.o
 .debug_loc     0x0000000000003e02      0x380 ./emlib/em_letimer.o
 .debug_loc     0x0000000000004182      0x49c ./emlib/em_leuart.o
 .debug_loc     0x000000000000461e      0x338 ./src/capsense.o
 .debug_loc     0x0000000000004956       0x2c ./src/cmu.o
 .debug_loc     0x0000000000004982      0x1a8 ./src/cryotimer.o
 .debug_loc     0x0000000000004b2a      0x1b4 ./src/dma.o
 .debug_loc     0x0000000000004cde       0xd8 ./src/gpio.o
 .debug_loc     0x0000000000004db6      0x478 ./src/i2c.o
 .debug_loc     0x000000000000522e      0x2a4 ./src/letimer.o
 .debug_loc     0x00000000000054d2       0xfc ./src/leuart.o
 .debug_loc     0x00000000000055ce      0x226 ./src/main.o
 .debug_loc     0x00000000000057f4      0x110 ./src/sleep_routines.o

.debug_ranges   0x0000000000000000      0x968
 .debug_ranges  0x0000000000000000       0x58 ./CMSIS/EFM32PG12B/system_efm32pg12b.o
 .debug_ranges  0x0000000000000058       0x80 ./emlib/em_acmp.o
 .debug_ranges  0x00000000000000d8      0x1a8 ./emlib/em_cmu.o
 .debug_ranges  0x0000000000000280       0xd8 ./emlib/em_core.o
 .debug_ranges  0x0000000000000358       0x20 ./emlib/em_cryotimer.o
 .debug_ranges  0x0000000000000378      0x198 ./emlib/em_emu.o
 .debug_ranges  0x0000000000000510       0x78 ./emlib/em_gpio.o
 .debug_ranges  0x0000000000000588       0x70 ./emlib/em_i2c.o
 .debug_ranges  0x00000000000005f8       0x70 ./emlib/em_ldma.o
 .debug_ranges  0x0000000000000668       0x58 ./emlib/em_letimer.o
 .debug_ranges  0x00000000000006c0       0x78 ./emlib/em_leuart.o
 .debug_ranges  0x0000000000000738       0x58 ./src/capsense.o
 .debug_ranges  0x0000000000000790       0x10 ./src/cmu.o
 .debug_ranges  0x00000000000007a0       0x30 ./src/cryotimer.o
 .debug_ranges  0x00000000000007d0       0x30 ./src/dma.o
 .debug_ranges  0x0000000000000800       0x20 ./src/gpio.o
 .debug_ranges  0x0000000000000820       0x78 ./src/i2c.o
 .debug_ranges  0x0000000000000898       0x48 ./src/letimer.o
 .debug_ranges  0x00000000000008e0       0x20 ./src/leuart.o
 .debug_ranges  0x0000000000000900       0x40 ./src/main.o
 .debug_ranges  0x0000000000000940       0x28 ./src/sleep_routines.o

.debug_macro    0x0000000000000000     0x5615
 .debug_macro   0x0000000000000000      0x273 ./CMSIS/EFM32PG12B/system_efm32pg12b.o
 .debug_macro   0x0000000000000273      0x2a8 ./emlib/em_acmp.o
 .debug_macro   0x000000000000051b       0xe4 ./emlib/em_acmp.o
 .debug_macro   0x00000000000005ff       0x20 ./emlib/em_acmp.o
 .debug_macro   0x000000000000061f      0x383 ./emlib/em_cmu.o
 .debug_macro   0x00000000000009a2       0x58 ./emlib/em_cmu.o
 .debug_macro   0x00000000000009fa       0x25 ./emlib/em_cmu.o
 .debug_macro   0x0000000000000a1f       0xee ./emlib/em_cmu.o
 .debug_macro   0x0000000000000b0d       0x80 ./emlib/em_cmu.o
 .debug_macro   0x0000000000000b8d      0x29b ./emlib/em_core.o
 .debug_macro   0x0000000000000e28       0x63 ./emlib/em_core.o
 .debug_macro   0x0000000000000e8b       0xba ./emlib/em_core.o
 .debug_macro   0x0000000000000f45      0x277 ./emlib/em_cryotimer.o
 .debug_macro   0x00000000000011bc      0x36a ./emlib/em_emu.o
 .debug_macro   0x0000000000001526       0x7a ./emlib/em_emu.o
 .debug_macro   0x00000000000015a0      0x286 ./emlib/em_gpio.o
 .debug_macro   0x0000000000001826      0x2ee ./emlib/em_i2c.o
 .debug_macro   0x0000000000001b14       0x3f ./emlib/em_i2c.o
 .debug_macro   0x0000000000001b53      0x2bb ./emlib/em_ldma.o
 .debug_macro   0x0000000000001e0e       0xba ./emlib/em_ldma.o
 .debug_macro   0x0000000000001ec8      0x2a9 ./emlib/em_letimer.o
 .debug_macro   0x0000000000002171      0x29d ./emlib/em_leuart.o
 .debug_macro   0x000000000000240e      0x2ae ./src/capsense.o
 .debug_macro   0x00000000000026bc      0x344 ./src/capsense.o
 .debug_macro   0x0000000000002a00       0x40 ./src/capsense.o
 .debug_macro   0x0000000000002a40      0x2b4 ./src/cmu.o
 .debug_macro   0x0000000000002cf4       0x5e ./src/cmu.o
 .debug_macro   0x0000000000002d52      0x2c5 ./src/cryotimer.o
 .debug_macro   0x0000000000003017       0x46 ./src/cryotimer.o
 .debug_macro   0x000000000000305d      0x297 ./src/dma.o
 .debug_macro   0x00000000000032f4       0x34 ./src/dma.o
 .debug_macro   0x0000000000003328       0x64 ./src/dma.o
 .debug_macro   0x000000000000338c      0x3a3 ./src/gpio.o
 .debug_macro   0x000000000000372f       0x58 ./src/gpio.o
 .debug_macro   0x0000000000003787       0x16 ./src/gpio.o
 .debug_macro   0x000000000000379d       0x97 ./src/gpio.o
 .debug_macro   0x0000000000003834       0xef ./src/gpio.o
 .debug_macro   0x0000000000003923       0x10 ./src/gpio.o
 .debug_macro   0x0000000000003933       0x10 ./src/gpio.o
 .debug_macro   0x0000000000003943       0x22 ./src/gpio.o
 .debug_macro   0x0000000000003965       0xbe ./src/gpio.o
 .debug_macro   0x0000000000003a23       0x16 ./src/gpio.o
 .debug_macro   0x0000000000003a39      0x166 ./src/gpio.o
 .debug_macro   0x0000000000003b9f       0x34 ./src/gpio.o
 .debug_macro   0x0000000000003bd3      0x392 ./src/i2c.o
 .debug_macro   0x0000000000003f65       0x16 ./src/i2c.o
 .debug_macro   0x0000000000003f7b      0x10e ./src/i2c.o
 .debug_macro   0x0000000000004089       0x7f ./src/i2c.o
 .debug_macro   0x0000000000004108       0x22 ./src/i2c.o
 .debug_macro   0x000000000000412a      0x2ec ./src/letimer.o
 .debug_macro   0x0000000000004416       0x10 ./src/letimer.o
 .debug_macro   0x0000000000004426       0x1c ./src/letimer.o
 .debug_macro   0x0000000000004442      0x3ea ./src/leuart.o
 .debug_macro   0x000000000000482c       0x4a ./src/leuart.o
 .debug_macro   0x0000000000004876      0x29d ./src/leuart.o
 .debug_macro   0x0000000000004b13       0xd9 ./src/leuart.o
 .debug_macro   0x0000000000004bec       0x16 ./src/leuart.o
 .debug_macro   0x0000000000004c02       0xc0 ./src/leuart.o
 .debug_macro   0x0000000000004cc2      0x4a8 ./src/main.o
 .debug_macro   0x000000000000516a      0x1ba ./src/main.o
 .debug_macro   0x0000000000005324       0x45 ./src/main.o
 .debug_macro   0x0000000000005369       0x10 ./src/main.o
 .debug_macro   0x0000000000005379      0x29c ./src/sleep_routines.o

.debug_str      0x0000000000000000   0x15e479
 .debug_str     0x0000000000000000   0x14da52 ./CMSIS/EFM32PG12B/system_efm32pg12b.o
                                     0x14e929 (size before relaxing)
 .debug_str     0x000000000014da52     0x23d7 ./emlib/em_acmp.o
                                     0x150815 (size before relaxing)
 .debug_str     0x000000000014fe29     0x317c ./emlib/em_cmu.o
                                     0x152250 (size before relaxing)
 .debug_str     0x0000000000152fa5      0xc23 ./emlib/em_core.o
                                     0x14f3cf (size before relaxing)
 .debug_str     0x0000000000153bc8      0x4a8 ./emlib/em_cryotimer.o
                                     0x14e92f (size before relaxing)
 .debug_str     0x0000000000154070     0x113e ./emlib/em_emu.o
                                     0x152175 (size before relaxing)
 .debug_str     0x00000000001551ae      0x42f ./emlib/em_gpio.o
                                     0x14f344 (size before relaxing)
 .debug_str     0x00000000001555dd      0x53f ./emlib/em_i2c.o
                                     0x15062e (size before relaxing)
 .debug_str     0x0000000000155b1c     0x30b0 ./emlib/em_ldma.o
                                     0x153bf4 (size before relaxing)
 .debug_str     0x0000000000158bcc      0x313 ./emlib/em_letimer.o
                                     0x14fcb5 (size before relaxing)
 .debug_str     0x0000000000158edf      0x33a ./emlib/em_leuart.o
                                     0x14ffd5 (size before relaxing)
 .debug_str     0x0000000000159219      0x36a ./src/capsense.o
                                     0x1518a0 (size before relaxing)
 .debug_str     0x0000000000159583       0xc7 ./src/cmu.o
                                     0x150651 (size before relaxing)
 .debug_str     0x000000000015964a      0x137 ./src/cryotimer.o
                                     0x14fe1b (size before relaxing)
 .debug_str     0x0000000000159781      0xce3 ./src/dma.o
                                     0x152de1 (size before relaxing)
 .debug_str     0x000000000015a464     0x2c7f ./src/gpio.o
                                     0x1529fb (size before relaxing)
 .debug_str     0x000000000015d0e3      0x142 ./src/i2c.o
                                     0x15344b (size before relaxing)
 .debug_str     0x000000000015d225       0xf6 ./src/letimer.o
                                     0x151296 (size before relaxing)
 .debug_str     0x000000000015d31b       0x4e ./src/leuart.o
                                     0x1556e0 (size before relaxing)
 .debug_str     0x000000000015d369     0x10c8 ./src/main.o
                                     0x158e47 (size before relaxing)
 .debug_str     0x000000000015e431       0x48 ./src/sleep_routines.o
                                     0x14f210 (size before relaxing)

.debug_frame    0x0000000000000000     0x2a64
 .debug_frame   0x0000000000000000      0x164 ./CMSIS/EFM32PG12B/system_efm32pg12b.o
 .debug_frame   0x0000000000000164      0x24c ./emlib/em_acmp.o
 .debug_frame   0x00000000000003b0      0x780 ./emlib/em_cmu.o
 .debug_frame   0x0000000000000b30      0x3dc ./emlib/em_core.o
 .debug_frame   0x0000000000000f0c       0x80 ./emlib/em_cryotimer.o
 .debug_frame   0x0000000000000f8c      0x714 ./emlib/em_emu.o
 .debug_frame   0x00000000000016a0      0x228 ./emlib/em_gpio.o
 .debug_frame   0x00000000000018c8      0x1fc ./emlib/em_i2c.o
 .debug_frame   0x0000000000001ac4      0x1f4 ./emlib/em_ldma.o
 .debug_frame   0x0000000000001cb8      0x198 ./emlib/em_letimer.o
 .debug_frame   0x0000000000001e50      0x21c ./emlib/em_leuart.o
 .debug_frame   0x000000000000206c      0x188 ./src/capsense.o
 .debug_frame   0x00000000000021f4       0x2c ./src/cmu.o
 .debug_frame   0x0000000000002220       0xcc ./src/cryotimer.o
 .debug_frame   0x00000000000022ec       0xd8 ./src/dma.o
 .debug_frame   0x00000000000023c4       0x78 ./src/gpio.o
 .debug_frame   0x000000000000243c      0x214 ./src/i2c.o
 .debug_frame   0x0000000000002650      0x13c ./src/letimer.o
 .debug_frame   0x000000000000278c       0x80 ./src/leuart.o
 .debug_frame   0x000000000000280c      0x110 ./src/main.o
 .debug_frame   0x000000000000291c       0x94 ./src/sleep_routines.o
 .debug_frame   0x00000000000029b0       0x28 /Applications/Simplicity Studio.app/Contents/Eclipse/developer/toolchains/gnu_arm/4.9_2015q3/bin/../lib/gcc/arm-none-eabi/4.9.3/../../../../arm-none-eabi/lib/armv7e-m/softfp/libc_nano.a(lib_a-exit.o)
 .debug_frame   0x00000000000029d8       0x2c /Applications/Simplicity Studio.app/Contents/Eclipse/developer/toolchains/gnu_arm/4.9_2015q3/bin/../lib/gcc/arm-none-eabi/4.9.3/../../../../arm-none-eabi/lib/armv7e-m/softfp/libc_nano.a(lib_a-init.o)
 .debug_frame   0x0000000000002a04       0x20 /Applications/Simplicity Studio.app/Contents/Eclipse/developer/toolchains/gnu_arm/4.9_2015q3/bin/../lib/gcc/arm-none-eabi/4.9.3/../../../../arm-none-eabi/lib/armv7e-m/softfp/libc_nano.a(lib_a-memset.o)
 .debug_frame   0x0000000000002a24       0x20 /Applications/Simplicity Studio.app/Contents/Eclipse/developer/toolchains/gnu_arm/4.9_2015q3/bin/../lib/gcc/arm-none-eabi/4.9.3/../../../../arm-none-eabi/lib/armv7e-m/softfp/libc_nano.a(lib_a-strlen.o)
 .debug_frame   0x0000000000002a44       0x20 /Applications/Simplicity Studio.app/Contents/Eclipse/developer/toolchains/gnu_arm/4.9_2015q3/bin/../lib/gcc/arm-none-eabi/4.9.3/../../../../arm-none-eabi/lib/armv7e-m/softfp/libnosys.a(_exit.o)
